Best Selling Product:
name: Ps5, id: 20, total income: 32000000.000
