Inventory Status:
name: Onion, id: 6, amount: 1789.750, price: 5.800
name: Watermelon, id: 7, amount: 24.500, price: 18.500
name: Television, id: 10, amount: 15.000, price: 2000.000
name: Smart TV, id: 11, amount: 4.000, price: 5000.000
name: Ps5, id: 20, amount: 4000.000, price: 8000.000
name: Xbox_one, id: 21, amount: 4000.000, price: 8000.000
